// Vitest Snapshot v1, https://vitest.dev/guide/snapshot.html

exports[`ActionIcon > 可正常渲染 1`] = `
.emotion-0 {
  display: -webkit-box;
  display: -webkit-flex;
  display: -ms-flexbox;
  display: flex;
  -webkit-align-items: center;
  -webkit-box-align: center;
  -ms-flex-align: center;
  align-items: center;
  -webkit-box-pack: center;
  -ms-flex-pack: center;
  -webkit-justify-content: center;
  justify-content: center;
  -webkit-transition: color 600ms cubic-bezier(0.215, 0.61, 0.355, 1),scale 400ms cubic-bezier(0.215, 0.61, 0.355, 1),background-color 100ms cubic-bezier(0.215, 0.61, 0.355, 1);
  transition: color 600ms cubic-bezier(0.215, 0.61, 0.355, 1),scale 400ms cubic-bezier(0.215, 0.61, 0.355, 1),background-color 100ms cubic-bezier(0.215, 0.61, 0.355, 1);
}

.emotion-0:hover {
  color: rgba(0, 0, 0, 0.88)!important;
}

.emotion-0:active {
  scale: 0.8;
  color: rgba(0, 0, 0, 0.88);
}

<div>
  <button
    class="ant-btn ant-btn-text ant-btn-icon-only ant-editor-icon emotion-0"
    type="button"
  >
    <span
      class="ant-btn-icon"
    >
      <span
        aria-label="smile"
        class="anticon anticon-smile"
        role="img"
      >
        <svg
          aria-hidden="true"
          data-icon="smile"
          fill="currentColor"
          focusable="false"
          height="1em"
          viewBox="64 64 896 896"
          width="1em"
        >
          <path
            d="M288 421a48 48 0 1096 0 48 48 0 10-96 0zm352 0a48 48 0 1096 0 48 48 0 10-96 0zM512 64C264.6 64 64 264.6 64 512s200.6 448 448 448 448-200.6 448-448S759.4 64 512 64zm263 711c-34.2 34.2-74 61-118.3 79.8C611 874.2 562.3 884 512 884c-50.3 0-99-9.8-144.8-29.2A370.4 370.4 0 01248.9 775c-34.2-34.2-61-74-79.8-118.3C149.8 611 140 562.3 140 512s9.8-99 29.2-144.8A370.4 370.4 0 01249 248.9c34.2-34.2 74-61 118.3-79.8C413 149.8 461.7 140 512 140c50.3 0 99 9.8 144.8 29.2A370.4 370.4 0 01775.1 249c34.2 34.2 61 74 79.8 118.3C874.2 413 884 461.7 884 512s-9.8 99-29.2 144.8A368.89 368.89 0 01775 775zM664 533h-48.1c-4.2 0-7.8 3.2-8.1 7.4C604 589.9 562.5 629 512 629s-92.1-39.1-95.8-88.6c-.3-4.2-3.9-7.4-8.1-7.4H360a8 8 0 00-8 8.4c4.4 84.3 74.5 151.6 160 151.6s155.6-67.3 160-151.6a8 8 0 00-8-8.4z"
          />
        </svg>
      </span>
    </span>
  </button>
</div>
`;

exports[`ActionIcon > 带有标题 1`] = `
.emotion-0 {
  display: -webkit-box;
  display: -webkit-flex;
  display: -ms-flexbox;
  display: flex;
  -webkit-align-items: center;
  -webkit-box-align: center;
  -ms-flex-align: center;
  align-items: center;
  -webkit-box-pack: center;
  -ms-flex-pack: center;
  -webkit-justify-content: center;
  justify-content: center;
  -webkit-transition: color 600ms cubic-bezier(0.215, 0.61, 0.355, 1),scale 400ms cubic-bezier(0.215, 0.61, 0.355, 1),background-color 100ms cubic-bezier(0.215, 0.61, 0.355, 1);
  transition: color 600ms cubic-bezier(0.215, 0.61, 0.355, 1),scale 400ms cubic-bezier(0.215, 0.61, 0.355, 1),background-color 100ms cubic-bezier(0.215, 0.61, 0.355, 1);
}

.emotion-0:hover {
  color: rgba(0, 0, 0, 0.88)!important;
}

.emotion-0:active {
  scale: 0.8;
  color: rgba(0, 0, 0, 0.88);
}

<div>
  <button
    class="ant-btn ant-btn-text ant-btn-icon-only ant-editor-icon emotion-0"
    data-testid="smile"
    type="button"
  >
    <span
      class="ant-btn-icon"
    >
      <span
        aria-label="smile"
        class="anticon anticon-smile"
        role="img"
      >
        <svg
          aria-hidden="true"
          data-icon="smile"
          fill="currentColor"
          focusable="false"
          height="1em"
          viewBox="64 64 896 896"
          width="1em"
        >
          <path
            d="M288 421a48 48 0 1096 0 48 48 0 10-96 0zm352 0a48 48 0 1096 0 48 48 0 10-96 0zM512 64C264.6 64 64 264.6 64 512s200.6 448 448 448 448-200.6 448-448S759.4 64 512 64zm263 711c-34.2 34.2-74 61-118.3 79.8C611 874.2 562.3 884 512 884c-50.3 0-99-9.8-144.8-29.2A370.4 370.4 0 01248.9 775c-34.2-34.2-61-74-79.8-118.3C149.8 611 140 562.3 140 512s9.8-99 29.2-144.8A370.4 370.4 0 01249 248.9c34.2-34.2 74-61 118.3-79.8C413 149.8 461.7 140 512 140c50.3 0 99 9.8 144.8 29.2A370.4 370.4 0 01775.1 249c34.2 34.2 61 74 79.8 118.3C874.2 413 884 461.7 884 512s-9.8 99-29.2 144.8A368.89 368.89 0 01775 775zM664 533h-48.1c-4.2 0-7.8 3.2-8.1 7.4C604 589.9 562.5 629 512 629s-92.1-39.1-95.8-88.6c-.3-4.2-3.9-7.4-8.1-7.4H360a8 8 0 00-8 8.4c4.4 84.3 74.5 151.6 160 151.6s155.6-67.3 160-151.6a8 8 0 00-8-8.4z"
          />
        </svg>
      </span>
    </span>
  </button>
</div>
`;
