// Vitest Snapshot v1, https://vitest.dev/guide/snapshot.html

exports[`ExcelTable > 可正常渲染 1`] = `
.emotion-0 {
  display: -webkit-box;
  display: -webkit-flex;
  display: -ms-flexbox;
  display: flex;
  -webkit-flex-direction: column;
  -ms-flex-direction: column;
  flex-direction: column;
}

.emotion-1 {
  display: -webkit-box;
  display: -webkit-flex;
  display: -ms-flexbox;
  display: flex;
  -webkit-flex-direction: row;
  -ms-flex-direction: row;
  flex-direction: row;
  -webkit-box-pack: justify;
  -webkit-justify-content: space-between;
  justify-content: space-between;
  width: 100%;
}

.emotion-2 {
  display: -webkit-box;
  display: -webkit-flex;
  display: -ms-flexbox;
  display: flex;
  -webkit-flex-direction: row;
  -ms-flex-direction: row;
  flex-direction: row;
  gap: 8px;
}

.emotion-3 {
  width: 90px;
  background: rgba(0, 0, 0, 0.02);
  border-color: transparent;
  box-shadow: none;
}

.emotion-3 .studio-input-number-group-addon {
  padding: 0 4px;
  color: rgba(0, 0, 0, 0.65);
  background: rgba(0, 0, 0, 0.02);
  border-color: transparent;
}

.emotion-8 .handsontable th:first-child,
.emotion-8 .handsontable th:nth-child(2),
.emotion-8 .handsontable td:first-of-type {
  border: none;
}

.emotion-8 .handsontable {
  color: rgba(0, 0, 0, 0.65);
  font-size: 12px;
}

.emotion-8 .handsontable .htCore {
  overflow: scroll;
  border-radius: 4px;
}

.emotion-8 .handsontable .handsontable th:last-child {
  border-right-color: rgba(0, 0, 0, 0.04);
}

.emotion-8 .handsontable th,
.emotion-8 .handsontable td {
  background: none;
  border-top: none!important;
  border-right-color: rgba(0, 0, 0, 0.04);
  border-bottom: none;
  border-left-color: rgba(0, 0, 0, 0.04);
}

.emotion-8 .handsontable th,
.emotion-8 .handsontable tr:first-child {
  color: rgba(0, 0, 0, 0.88);
  background: rgba(0, 0, 0, 0.04);
  border-top: rgba(0, 0, 0, 0.06);
}

.emotion-8 .handsontable tr:nth-child(2n + 1) {
  background: rgba(0, 0, 0, 0.04);
}

<div>
  <div
    class="layoutkit-flexbox emotion-0 studio-excel-table"
  >
    <div
      class="layoutkit-flexbox emotion-1"
    >
      <div
        class="layoutkit-flexbox emotion-2"
      >
        <div
          class="studio-input-number-group-wrapper studio-input-number-group-wrapper-sm studio-excel-table-input emotion-3"
        >
          <div
            class="studio-input-number-wrapper studio-input-number-group"
          >
            <div
              class="studio-input-number studio-input-number-sm studio-excel-table-input emotion-3"
            >
              <div
                class="studio-input-number-handler-wrap"
              >
                <span
                  aria-disabled="false"
                  aria-label="Increase Value"
                  class="studio-input-number-handler studio-input-number-handler-up"
                  role="button"
                  unselectable="on"
                >
                  <span
                    aria-label="up"
                    class="anticon anticon-up studio-input-number-handler-up-inner"
                    role="img"
                  >
                    <svg
                      aria-hidden="true"
                      data-icon="up"
                      fill="currentColor"
                      focusable="false"
                      height="1em"
                      viewBox="64 64 896 896"
                      width="1em"
                    >
                      <path
                        d="M890.5 755.3L537.9 269.2c-12.8-17.6-39-17.6-51.7 0L133.5 755.3A8 8 0 00140 768h75c5.1 0 9.9-2.5 12.9-6.6L512 369.8l284.1 391.6c3 4.1 7.8 6.6 12.9 6.6h75c6.5 0 10.3-7.4 6.5-12.7z"
                      />
                    </svg>
                  </span>
                </span>
                <span
                  aria-disabled="false"
                  aria-label="Decrease Value"
                  class="studio-input-number-handler studio-input-number-handler-down"
                  role="button"
                  unselectable="on"
                >
                  <span
                    aria-label="down"
                    class="anticon anticon-down studio-input-number-handler-down-inner"
                    role="img"
                  >
                    <svg
                      aria-hidden="true"
                      data-icon="down"
                      fill="currentColor"
                      focusable="false"
                      height="1em"
                      viewBox="64 64 896 896"
                      width="1em"
                    >
                      <path
                        d="M884 256h-75c-5.1 0-9.9 2.5-12.9 6.6L512 654.2 227.9 262.6c-3-4.1-7.8-6.6-12.9-6.6h-75c-6.5 0-10.3 7.4-6.5 12.7l352.6 486.1c12.8 17.6 39 17.6 51.7 0l352.6-486.1c3.9-5.3.1-12.7-6.4-12.7z"
                      />
                    </svg>
                  </span>
                </span>
              </div>
              <div
                class="studio-input-number-input-wrap"
              >
                <input
                  aria-valuemin="1"
                  aria-valuenow="5"
                  autocomplete="off"
                  class="studio-input-number-input"
                  role="spinbutton"
                  step="1"
                  value="5"
                />
              </div>
            </div>
            <div
              class="studio-input-number-group-addon"
            >
              列
            </div>
          </div>
        </div>
        <div
          class="studio-input-number-group-wrapper studio-input-number-group-wrapper-sm studio-excel-table-input emotion-3"
        >
          <div
            class="studio-input-number-wrapper studio-input-number-group"
          >
            <div
              class="studio-input-number studio-input-number-sm studio-excel-table-input emotion-3"
            >
              <div
                class="studio-input-number-handler-wrap"
              >
                <span
                  aria-disabled="false"
                  aria-label="Increase Value"
                  class="studio-input-number-handler studio-input-number-handler-up"
                  role="button"
                  unselectable="on"
                >
                  <span
                    aria-label="up"
                    class="anticon anticon-up studio-input-number-handler-up-inner"
                    role="img"
                  >
                    <svg
                      aria-hidden="true"
                      data-icon="up"
                      fill="currentColor"
                      focusable="false"
                      height="1em"
                      viewBox="64 64 896 896"
                      width="1em"
                    >
                      <path
                        d="M890.5 755.3L537.9 269.2c-12.8-17.6-39-17.6-51.7 0L133.5 755.3A8 8 0 00140 768h75c5.1 0 9.9-2.5 12.9-6.6L512 369.8l284.1 391.6c3 4.1 7.8 6.6 12.9 6.6h75c6.5 0 10.3-7.4 6.5-12.7z"
                      />
                    </svg>
                  </span>
                </span>
                <span
                  aria-disabled="false"
                  aria-label="Decrease Value"
                  class="studio-input-number-handler studio-input-number-handler-down"
                  role="button"
                  unselectable="on"
                >
                  <span
                    aria-label="down"
                    class="anticon anticon-down studio-input-number-handler-down-inner"
                    role="img"
                  >
                    <svg
                      aria-hidden="true"
                      data-icon="down"
                      fill="currentColor"
                      focusable="false"
                      height="1em"
                      viewBox="64 64 896 896"
                      width="1em"
                    >
                      <path
                        d="M884 256h-75c-5.1 0-9.9 2.5-12.9 6.6L512 654.2 227.9 262.6c-3-4.1-7.8-6.6-12.9-6.6h-75c-6.5 0-10.3 7.4-6.5 12.7l352.6 486.1c12.8 17.6 39 17.6 51.7 0l352.6-486.1c3.9-5.3.1-12.7-6.4-12.7z"
                      />
                    </svg>
                  </span>
                </span>
              </div>
              <div
                class="studio-input-number-input-wrap"
              >
                <input
                  aria-valuemin="1"
                  aria-valuenow="5"
                  autocomplete="off"
                  class="studio-input-number-input"
                  role="spinbutton"
                  step="1"
                  value="5"
                />
              </div>
            </div>
            <div
              class="studio-input-number-group-addon"
            >
              行
            </div>
          </div>
        </div>
      </div>
      <div>
        <button
          class="studio-btn studio-btn-default studio-btn-sm studio-excel-table-btn"
          type="button"
        >
          <span>
            重 置
          </span>
        </button>
      </div>
    </div>
    <div
      class="layoutkit-flexbox emotion-0"
      style="margin-top: 12px;"
    >
      <div
        class="studio-excel-table-table emotion-8"
      >
        <div
          class="handsontable htRowHeaders"
          data-originalstyle="height: auto; overflow: hidden; width: 100%;"
          dir=""
          id="id-"
          style="height: auto; overflow: hidden; width: 100%;"
        >
          <div
            class="ht_master handsontable"
            dir="ltr"
          >
            <div
              class="wtHolder"
              style="position: relative; height: auto; width: 0px;"
            >
              <div
                class="wtHider"
                style="width: 300px; height: 139px;"
              >
                <div
                  class="wtSpreader"
                  style="position: relative; top: 0px; left: 0px;"
                >
                  <table
                    class="htCore"
                  >
                    <colgroup>
                      <col
                        class="rowHeader"
                        style="width: 50px;"
                      />
                      <col
                        style="width: 50px;"
                      />
                    </colgroup>
                    <thead />
                    <tbody>
                      <tr>
                        <th
                          class=""
                        >
                          <div
                            class="relative"
                          >
                            <span
                              class="rowHeader"
                            >
                              列名称
                            </span>
                          </div>
                        </th>
                        <td
                          class=""
                        >
                          
                        </td>
                      </tr>
                      <tr>
                        <th
                          class=""
                        >
                          <div
                            class="relative"
                          >
                            <span
                              class="rowHeader"
                            >
                              1
                            </span>
                          </div>
                        </th>
                        <td
                          class=""
                        >
                          
                        </td>
                      </tr>
                      <tr>
                        <th
                          class=""
                        >
                          <div
                            class="relative"
                          >
                            <span
                              class="rowHeader"
                            >
                              2
                            </span>
                          </div>
                        </th>
                        <td
                          class=""
                        >
                          
                        </td>
                      </tr>
                      <tr>
                        <th
                          class=""
                        >
                          <div
                            class="relative"
                          >
                            <span
                              class="rowHeader"
                            >
                              3
                            </span>
                          </div>
                        </th>
                        <td
                          class=""
                        >
                          
                        </td>
                      </tr>
                      <tr>
                        <th
                          class=""
                        >
                          <div
                            class="relative"
                          >
                            <span
                              class="rowHeader"
                            >
                              4
                            </span>
                          </div>
                        </th>
                        <td
                          class=""
                        >
                          
                        </td>
                      </tr>
                      <tr>
                        <th
                          class=""
                        >
                          <div
                            class="relative"
                          >
                            <span
                              class="rowHeader"
                            >
                              5
                            </span>
                          </div>
                        </th>
                        <td
                          class=""
                        >
                          
                        </td>
                      </tr>
                    </tbody>
                  </table>
                  <div
                    class="htBorders"
                  >
                    <div
                      style="position: absolute; top: 0px; left: 0px;"
                    >
                      <div
                        class="wtBorder current"
                        style="background-color: rgb(75, 137, 255); height: 2px; width: 2px; display: none;"
                      />
                      <div
                        class="wtBorder current"
                        style="background-color: rgb(75, 137, 255); height: 2px; width: 2px; display: none;"
                      />
                      <div
                        class="wtBorder current"
                        style="background-color: rgb(75, 137, 255); height: 2px; width: 2px; display: none;"
                      />
                      <div
                        class="wtBorder current"
                        style="background-color: rgb(75, 137, 255); height: 2px; width: 2px; display: none;"
                      />
                      <div
                        class="wtBorder current corner"
                        style="background-color: rgb(75, 137, 255); height: 6px; width: 6px; border: 1px solid #fff; display: none;"
                      />
                    </div>
                    <div
                      style="position: absolute; top: 0px; left: 0px;"
                    >
                      <div
                        class="wtBorder fill"
                        style="background-color: rgb(255, 0, 0); height: 1px; width: 1px; display: none;"
                      />
                      <div
                        class="wtBorder fill"
                        style="background-color: rgb(255, 0, 0); height: 1px; width: 1px; display: none;"
                      />
                      <div
                        class="wtBorder fill"
                        style="background-color: rgb(255, 0, 0); height: 1px; width: 1px; display: none;"
                      />
                      <div
                        class="wtBorder fill"
                        style="background-color: rgb(255, 0, 0); height: 1px; width: 1px; display: none;"
                      />
                      <div
                        class="wtBorder fill corner"
                        style="background-color: rgb(255, 0, 0); height: 6px; width: 6px; border: 1px solid #fff; display: none;"
                      />
                    </div>
                  </div>
                </div>
              </div>
            </div>
          </div>
          <div
            class="ht_clone_top handsontable"
            dir="ltr"
            style="position: absolute; top: 0px; overflow: visible; left: 0px;"
          >
            <div
              class="wtHolder"
              style="position: relative;"
            >
              <div
                class="wtHider"
              >
                <div
                  class="wtSpreader"
                  style="position: relative;"
                >
                  <table
                    class="htCore"
                  >
                    <colgroup />
                    <thead />
                    <tbody />
                  </table>
                </div>
              </div>
            </div>
          </div>
          <div
            class="ht_clone_bottom handsontable"
            dir="ltr"
            style="position: absolute; top: 0px; overflow: visible; left: 0px;"
          >
            <div
              class="wtHolder"
              style="position: relative;"
            >
              <div
                class="wtHider"
              >
                <div
                  class="wtSpreader"
                  style="position: relative;"
                >
                  <table
                    class="htCore"
                  >
                    <colgroup />
                    <thead />
                    <tbody />
                  </table>
                </div>
              </div>
            </div>
          </div>
          <div
            class="ht_clone_inline_start ht_clone_left handsontable"
            dir="ltr"
            style="position: absolute; top: 0px; overflow: visible; left: 0px; height: 0px; width: 0px;"
          >
            <div
              class="wtHolder"
              style="position: relative; height: 0px; width: 3px;"
            >
              <div
                class="wtHider"
                style="height: 139px;"
              >
                <div
                  class="wtSpreader"
                  style="position: relative; top: 0px;"
                >
                  <table
                    class="htCore"
                  >
                    <colgroup>
                      <col
                        class="rowHeader"
                        style="width: 50px;"
                      />
                    </colgroup>
                    <thead />
                    <tbody>
                      <tr>
                        <th
                          class=""
                        >
                          <div
                            class="relative"
                          >
                            <span
                              class="rowHeader"
                            >
                              列名称
                            </span>
                          </div>
                        </th>
                      </tr>
                      <tr>
                        <th
                          class=""
                        >
                          <div
                            class="relative"
                          >
                            <span
                              class="rowHeader"
                            >
                              1
                            </span>
                          </div>
                        </th>
                      </tr>
                      <tr>
                        <th
                          class=""
                        >
                          <div
                            class="relative"
                          >
                            <span
                              class="rowHeader"
                            >
                              2
                            </span>
                          </div>
                        </th>
                      </tr>
                      <tr>
                        <th
                          class=""
                        >
                          <div
                            class="relative"
                          >
                            <span
                              class="rowHeader"
                            >
                              3
                            </span>
                          </div>
                        </th>
                      </tr>
                      <tr>
                        <th
                          class=""
                        >
                          <div
                            class="relative"
                          >
                            <span
                              class="rowHeader"
                            >
                              4
                            </span>
                          </div>
                        </th>
                      </tr>
                      <tr>
                        <th
                          class=""
                        >
                          <div
                            class="relative"
                          >
                            <span
                              class="rowHeader"
                            >
                              5
                            </span>
                          </div>
                        </th>
                      </tr>
                    </tbody>
                  </table>
                  <div
                    class="htBorders"
                  >
                    <div
                      style="position: absolute; top: 0px; left: 0px;"
                    >
                      <div
                        class="wtBorder current"
                        style="background-color: rgb(75, 137, 255); height: 2px; width: 2px; display: none;"
                      />
                      <div
                        class="wtBorder current"
                        style="background-color: rgb(75, 137, 255); height: 2px; width: 2px; display: none;"
                      />
                      <div
                        class="wtBorder current"
                        style="background-color: rgb(75, 137, 255); height: 2px; width: 2px; display: none;"
                      />
                      <div
                        class="wtBorder current"
                        style="background-color: rgb(75, 137, 255); height: 2px; width: 2px; display: none;"
                      />
                      <div
                        class="wtBorder current corner"
                        style="background-color: rgb(75, 137, 255); height: 6px; width: 6px; border: 1px solid #fff; display: none;"
                      />
                    </div>
                    <div
                      style="position: absolute; top: 0px; left: 0px;"
                    >
                      <div
                        class="wtBorder fill"
                        style="background-color: rgb(255, 0, 0); height: 1px; width: 1px; display: none;"
                      />
                      <div
                        class="wtBorder fill"
                        style="background-color: rgb(255, 0, 0); height: 1px; width: 1px; display: none;"
                      />
                      <div
                        class="wtBorder fill"
                        style="background-color: rgb(255, 0, 0); height: 1px; width: 1px; display: none;"
                      />
                      <div
                        class="wtBorder fill"
                        style="background-color: rgb(255, 0, 0); height: 1px; width: 1px; display: none;"
                      />
                      <div
                        class="wtBorder fill corner"
                        style="background-color: rgb(255, 0, 0); height: 6px; width: 6px; border: 1px solid #fff; display: none;"
                      />
                    </div>
                  </div>
                </div>
              </div>
            </div>
          </div>
          <div
            class="ht_clone_top_inline_start_corner ht_clone_top_left_corner handsontable"
            dir="ltr"
            style="position: absolute; top: 0px; overflow: visible; left: 0px; height: 0px; width: 0px;"
          >
            <div
              class="wtHolder"
              style="position: relative;"
            >
              <div
                class="wtHider"
              >
                <div
                  class="wtSpreader"
                  style="position: relative;"
                >
                  <table
                    class="htCore"
                  >
                    <colgroup />
                    <thead />
                    <tbody />
                  </table>
                </div>
              </div>
            </div>
          </div>
          <div
            class="ht_clone_bottom_inline_start_corner ht_clone_bottom_left_corner handsontable"
            dir="ltr"
            style="position: absolute; overflow: visible; left: 0px; height: 0px; width: 0px;"
          >
            <div
              class="wtHolder"
              style="position: relative;"
            >
              <div
                class="wtHider"
              >
                <div
                  class="wtSpreader"
                  style="position: relative;"
                >
                  <table
                    class="htCore"
                  >
                    <colgroup />
                    <thead />
                    <tbody />
                  </table>
                </div>
              </div>
            </div>
          </div>
        </div>
      </div>
    </div>
  </div>
</div>
`;
